Archive member included because of file (symbol)

f:/workspaces/uc/atmel/winavr-20100110/bin/../lib/gcc/avr/4.3.3/avr4\libgcc.a(_exit.o)
                              f:/workspaces/uc/atmel/winavr-20100110/bin/../lib/gcc/avr/4.3.3/../../../../avr/lib/avr4/crtm8.o (exit)
f:/workspaces/uc/atmel/winavr-20100110/bin/../lib/gcc/avr/4.3.3/avr4\libgcc.a(_copy_data.o)
                              uartbootloader.o (__do_copy_data)
f:/workspaces/uc/atmel/winavr-20100110/bin/../lib/gcc/avr/4.3.3/avr4\libgcc.a(_clear_bss.o)
                              uartbootloader.o (__do_clear_bss)
f:/workspaces/uc/atmel/winavr-20100110/bin/../lib/gcc/avr/4.3.3/../../../../avr/lib/avr4\libc.a(eerd_block_atmega8.o)
                              uartbootloader.o (__eerd_block_m8)
f:/workspaces/uc/atmel/winavr-20100110/bin/../lib/gcc/avr/4.3.3/../../../../avr/lib/avr4\libc.a(eewr_block_atmega8.o)
                              uartbootloader.o (__eewr_block_m8)
f:/workspaces/uc/atmel/winavr-20100110/bin/../lib/gcc/avr/4.3.3/../../../../avr/lib/avr4\libc.a(eewr_byte_atmega8.o)
                              f:/workspaces/uc/atmel/winavr-20100110/bin/../lib/gcc/avr/4.3.3/../../../../avr/lib/avr4\libc.a(eewr_block_atmega8.o) (__eewr_r18_m8)

Memory Configuration

Name             Origin             Length             Attributes
text             0x00000000         0x00002000         xr
data             0x00800060         0x0000ffa0         rw !x
eeprom           0x00810000         0x00010000         rw !x
fuse             0x00820000         0x00000400         rw !x
lock             0x00830000         0x00000400         rw !x
signature        0x00840000         0x00000400         rw !x
*default*        0x00000000         0xffffffff

Linker script and memory map

LOAD f:/workspaces/uc/atmel/winavr-20100110/bin/../lib/gcc/avr/4.3.3/../../../../avr/lib/avr4/crtm8.o
Address of section .text set to 0x1bda
LOAD uartbootloader.o
LOAD f:/workspaces/uc/atmel/winavr-20100110/bin/../lib/gcc/avr/4.3.3/avr4\libgcc.a
LOAD f:/workspaces/uc/atmel/winavr-20100110/bin/../lib/gcc/avr/4.3.3/../../../../avr/lib/avr4\libc.a
LOAD f:/workspaces/uc/atmel/winavr-20100110/bin/../lib/gcc/avr/4.3.3/avr4\libgcc.a

.hash
 *(.hash)

.dynsym
 *(.dynsym)

.dynstr
 *(.dynstr)

.gnu.version
 *(.gnu.version)

.gnu.version_d
 *(.gnu.version_d)

.gnu.version_r
 *(.gnu.version_r)

.rel.init
 *(.rel.init)

.rela.init
 *(.rela.init)

.rel.text
 *(.rel.text)
 *(.rel.text.*)
 *(.rel.gnu.linkonce.t*)

.rela.text
 *(.rela.text)
 *(.rela.text.*)
 *(.rela.gnu.linkonce.t*)

.rel.fini
 *(.rel.fini)

.rela.fini
 *(.rela.fini)

.rel.rodata
 *(.rel.rodata)
 *(.rel.rodata.*)
 *(.rel.gnu.linkonce.r*)

.rela.rodata
 *(.rela.rodata)
 *(.rela.rodata.*)
 *(.rela.gnu.linkonce.r*)

.rel.data
 *(.rel.data)
 *(.rel.data.*)
 *(.rel.gnu.linkonce.d*)

.rela.data
 *(.rela.data)
 *(.rela.data.*)
 *(.rela.gnu.linkonce.d*)

.rel.ctors
 *(.rel.ctors)

.rela.ctors
 *(.rela.ctors)

.rel.dtors
 *(.rel.dtors)

.rela.dtors
 *(.rela.dtors)

.rel.got
 *(.rel.got)

.rela.got
 *(.rela.got)

.rel.bss
 *(.rel.bss)

.rela.bss
 *(.rela.bss)

.rel.plt
 *(.rel.plt)

.rela.plt
 *(.rela.plt)

.text           0x00001bda      0x354
 *(.vectors)
 .vectors       0x00001bda       0x26 f:/workspaces/uc/atmel/winavr-20100110/bin/../lib/gcc/avr/4.3.3/../../../../avr/lib/avr4/crtm8.o
                0x00001bda                __vectors
                0x00001bda                __vector_default
 *(.vectors)
 *(.progmem.gcc*)
 *(.progmem*)
                0x00001c00                . = ALIGN (0x2)
                0x00001c00                __trampolines_start = .
 *(.trampolines)
 .trampolines   0x00001c00        0x0 linker stubs
 *(.trampolines*)
                0x00001c00                __trampolines_end = .
 *(.jumptables)
 *(.jumptables*)
 *(.lowtext)
 *(.lowtext*)
                0x00001c00                __ctors_start = .
 *(.ctors)
                0x00001c00                __ctors_end = .
                0x00001c00                __dtors_start = .
 *(.dtors)
                0x00001c00                __dtors_end = .
 SORT(*)(.ctors)
 SORT(*)(.dtors)
 *(.init0)
 .init0         0x00001c00        0x0 f:/workspaces/uc/atmel/winavr-20100110/bin/../lib/gcc/avr/4.3.3/../../../../avr/lib/avr4/crtm8.o
                0x00001c00                __init
 *(.init0)
 *(.init1)
 *(.init1)
 *(.init2)
 .init2         0x00001c00        0xc f:/workspaces/uc/atmel/winavr-20100110/bin/../lib/gcc/avr/4.3.3/../../../../avr/lib/avr4/crtm8.o
 *(.init2)
 *(.init3)
 *(.init3)
 *(.init4)
 .init4         0x00001c0c       0x16 f:/workspaces/uc/atmel/winavr-20100110/bin/../lib/gcc/avr/4.3.3/avr4\libgcc.a(_copy_data.o)
                0x00001c0c                __do_copy_data
 .init4         0x00001c22       0x10 f:/workspaces/uc/atmel/winavr-20100110/bin/../lib/gcc/avr/4.3.3/avr4\libgcc.a(_clear_bss.o)
                0x00001c22                __do_clear_bss
 *(.init4)
 *(.init5)
 *(.init5)
 *(.init6)
 *(.init6)
 *(.init7)
 *(.init7)
 *(.init8)
 *(.init8)
 *(.init9)
 .init9         0x00001c32        0x4 f:/workspaces/uc/atmel/winavr-20100110/bin/../lib/gcc/avr/4.3.3/../../../../avr/lib/avr4/crtm8.o
 *(.init9)
 *(.text)
 .text          0x00001c36        0x2 f:/workspaces/uc/atmel/winavr-20100110/bin/../lib/gcc/avr/4.3.3/../../../../avr/lib/avr4/crtm8.o
                0x00001c36                __vector_1
                0x00001c36                __vector_12
                0x00001c36                __bad_interrupt
                0x00001c36                __vector_6
                0x00001c36                __vector_3
                0x00001c36                __vector_11
                0x00001c36                __vector_13
                0x00001c36                __vector_17
                0x00001c36                __vector_7
                0x00001c36                __vector_5
                0x00001c36                __vector_4
                0x00001c36                __vector_9
                0x00001c36                __vector_2
                0x00001c36                __vector_15
                0x00001c36                __vector_8
                0x00001c36                __vector_14
                0x00001c36                __vector_10
                0x00001c36                __vector_16
                0x00001c36                __vector_18
 .text          0x00001c38      0x2a6 uartbootloader.o
                0x00001c58                puthex
                0x00001c38                hex2nibl
                0x00001c50                putch
                0x00001c44                nibl2hex
                0x00001c82                boot_program_page
                0x00001cfa                main
 .text          0x00001ede        0x0 f:/workspaces/uc/atmel/winavr-20100110/bin/../lib/gcc/avr/4.3.3/avr4\libgcc.a(_exit.o)
 .text          0x00001ede        0x0 f:/workspaces/uc/atmel/winavr-20100110/bin/../lib/gcc/avr/4.3.3/avr4\libgcc.a(_copy_data.o)
 .text          0x00001ede        0x0 f:/workspaces/uc/atmel/winavr-20100110/bin/../lib/gcc/avr/4.3.3/avr4\libgcc.a(_clear_bss.o)
 .text          0x00001ede        0x0 f:/workspaces/uc/atmel/winavr-20100110/bin/../lib/gcc/avr/4.3.3/../../../../avr/lib/avr4\libc.a(eerd_block_atmega8.o)
 .text          0x00001ede        0x0 f:/workspaces/uc/atmel/winavr-20100110/bin/../lib/gcc/avr/4.3.3/../../../../avr/lib/avr4\libc.a(eewr_block_atmega8.o)
 .text          0x00001ede        0x0 f:/workspaces/uc/atmel/winavr-20100110/bin/../lib/gcc/avr/4.3.3/../../../../avr/lib/avr4\libc.a(eewr_byte_atmega8.o)
                0x00001ede                . = ALIGN (0x2)
 *(.text.*)
 .text.libgcc   0x00001ede        0x0 f:/workspaces/uc/atmel/winavr-20100110/bin/../lib/gcc/avr/4.3.3/avr4\libgcc.a(_exit.o)
 .text.libgcc   0x00001ede        0x0 f:/workspaces/uc/atmel/winavr-20100110/bin/../lib/gcc/avr/4.3.3/avr4\libgcc.a(_copy_data.o)
 .text.libgcc   0x00001ede        0x0 f:/workspaces/uc/atmel/winavr-20100110/bin/../lib/gcc/avr/4.3.3/avr4\libgcc.a(_clear_bss.o)
 .text.avr-libc
                0x00001ede       0x20 f:/workspaces/uc/atmel/winavr-20100110/bin/../lib/gcc/avr/4.3.3/../../../../avr/lib/avr4\libc.a(eerd_block_atmega8.o)
                0x00001ee2                __eerd_blraw_m8
                0x00001ede                __eerd_block_m8
 .text.avr-libc
                0x00001efe       0x12 f:/workspaces/uc/atmel/winavr-20100110/bin/../lib/gcc/avr/4.3.3/../../../../avr/lib/avr4\libc.a(eewr_block_atmega8.o)
                0x00001efe                __eewr_block_m8
 .text.avr-libc
                0x00001f10       0x1a f:/workspaces/uc/atmel/winavr-20100110/bin/../lib/gcc/avr/4.3.3/../../../../avr/lib/avr4\libc.a(eewr_byte_atmega8.o)
                0x00001f10                __eewr_byte_m8
                0x00001f12                __eewr_r18_m8
                0x00001f2a                . = ALIGN (0x2)
 *(.fini9)
 .fini9         0x00001f2a        0x0 f:/workspaces/uc/atmel/winavr-20100110/bin/../lib/gcc/avr/4.3.3/avr4\libgcc.a(_exit.o)
                0x00001f2a                exit
                0x00001f2a                _exit
 *(.fini9)
 *(.fini8)
 *(.fini8)
 *(.fini7)
 *(.fini7)
 *(.fini6)
 *(.fini6)
 *(.fini5)
 *(.fini5)
 *(.fini4)
 *(.fini4)
 *(.fini3)
 *(.fini3)
 *(.fini2)
 *(.fini2)
 *(.fini1)
 *(.fini1)
 *(.fini0)
 .fini0         0x00001f2a        0x4 f:/workspaces/uc/atmel/winavr-20100110/bin/../lib/gcc/avr/4.3.3/avr4\libgcc.a(_exit.o)
 *(.fini0)
                0x00001f2e                _etext = .

.data           0x00800060        0x2 load address 0x00001f2e
                0x00800060                PROVIDE (__data_start, .)
 *(.data)
 .data          0x00800060        0x0 f:/workspaces/uc/atmel/winavr-20100110/bin/../lib/gcc/avr/4.3.3/../../../../avr/lib/avr4/crtm8.o
 .data          0x00800060        0x2 uartbootloader.o
 .data          0x00800062        0x0 f:/workspaces/uc/atmel/winavr-20100110/bin/../lib/gcc/avr/4.3.3/avr4\libgcc.a(_exit.o)
 .data          0x00800062        0x0 f:/workspaces/uc/atmel/winavr-20100110/bin/../lib/gcc/avr/4.3.3/avr4\libgcc.a(_copy_data.o)
 .data          0x00800062        0x0 f:/workspaces/uc/atmel/winavr-20100110/bin/../lib/gcc/avr/4.3.3/avr4\libgcc.a(_clear_bss.o)
 .data          0x00800062        0x0 f:/workspaces/uc/atmel/winavr-20100110/bin/../lib/gcc/avr/4.3.3/../../../../avr/lib/avr4\libc.a(eerd_block_atmega8.o)
 .data          0x00800062        0x0 f:/workspaces/uc/atmel/winavr-20100110/bin/../lib/gcc/avr/4.3.3/../../../../avr/lib/avr4\libc.a(eewr_block_atmega8.o)
 .data          0x00800062        0x0 f:/workspaces/uc/atmel/winavr-20100110/bin/../lib/gcc/avr/4.3.3/../../../../avr/lib/avr4\libc.a(eewr_byte_atmega8.o)
 *(.data*)
 *(.rodata)
 *(.rodata*)
 *(.gnu.linkonce.d*)
                0x00800062                . = ALIGN (0x2)
                0x00800062                _edata = .
                0x00800062                PROVIDE (__data_end, .)

.bss            0x00800062       0x46
                0x00800062                PROVIDE (__bss_start, .)
 *(.bss)
 .bss           0x00800062        0x0 f:/workspaces/uc/atmel/winavr-20100110/bin/../lib/gcc/avr/4.3.3/../../../../avr/lib/avr4/crtm8.o
 .bss           0x00800062       0x46 uartbootloader.o
                0x00800062                app_start
 .bss           0x008000a8        0x0 f:/workspaces/uc/atmel/winavr-20100110/bin/../lib/gcc/avr/4.3.3/avr4\libgcc.a(_exit.o)
 .bss           0x008000a8        0x0 f:/workspaces/uc/atmel/winavr-20100110/bin/../lib/gcc/avr/4.3.3/avr4\libgcc.a(_copy_data.o)
 .bss           0x008000a8        0x0 f:/workspaces/uc/atmel/winavr-20100110/bin/../lib/gcc/avr/4.3.3/avr4\libgcc.a(_clear_bss.o)
 .bss           0x008000a8        0x0 f:/workspaces/uc/atmel/winavr-20100110/bin/../lib/gcc/avr/4.3.3/../../../../avr/lib/avr4\libc.a(eerd_block_atmega8.o)
 .bss           0x008000a8        0x0 f:/workspaces/uc/atmel/winavr-20100110/bin/../lib/gcc/avr/4.3.3/../../../../avr/lib/avr4\libc.a(eewr_block_atmega8.o)
 .bss           0x008000a8        0x0 f:/workspaces/uc/atmel/winavr-20100110/bin/../lib/gcc/avr/4.3.3/../../../../avr/lib/avr4\libc.a(eewr_byte_atmega8.o)
 *(.bss*)
 *(COMMON)
                0x008000a8                PROVIDE (__bss_end, .)
                0x00001f2e                __data_load_start = LOADADDR (.data)
                0x00001f30                __data_load_end = (__data_load_start + SIZEOF (.data))

.noinit         0x008000a8        0x0
                0x008000a8                PROVIDE (__noinit_start, .)
 *(.noinit*)
                0x008000a8                PROVIDE (__noinit_end, .)
                0x008000a8                _end = .
                0x008000a8                PROVIDE (__heap_start, .)

.eeprom         0x00810000        0x0
 *(.eeprom*)
                0x00810000                __eeprom_end = .

.fuse
 *(.fuse)
 *(.lfuse)
 *(.hfuse)
 *(.efuse)

.lock
 *(.lock*)

.signature
 *(.signature*)

.stab
 *(.stab)

.stabstr
 *(.stabstr)

.stab.excl
 *(.stab.excl)

.stab.exclstr
 *(.stab.exclstr)

.stab.index
 *(.stab.index)

.stab.indexstr
 *(.stab.indexstr)

.comment
 *(.comment)

.debug
 *(.debug)

.line
 *(.line)

.debug_srcinfo
 *(.debug_srcinfo)

.debug_sfnames
 *(.debug_sfnames)

.debug_aranges  0x00000000       0x20
 *(.debug_aranges)
 .debug_aranges
                0x00000000       0x20 uartbootloader.o

.debug_pubnames
                0x00000000       0x6e
 *(.debug_pubnames)
 .debug_pubnames
                0x00000000       0x6e uartbootloader.o

.debug_info     0x00000000      0x4d1
 *(.debug_info)
 .debug_info    0x00000000      0x4d1 uartbootloader.o
 *(.gnu.linkonce.wi.*)

.debug_abbrev   0x00000000      0x1cb
 *(.debug_abbrev)
 .debug_abbrev  0x00000000      0x1cb uartbootloader.o

.debug_line     0x00000000      0x496
 *(.debug_line)
 .debug_line    0x00000000      0x496 uartbootloader.o

.debug_frame    0x00000000       0x70
 *(.debug_frame)
 .debug_frame   0x00000000       0x70 uartbootloader.o

.debug_str      0x00000000       0xfc
 *(.debug_str)
 .debug_str     0x00000000       0xfc uartbootloader.o
                                0x13a (size before relaxing)

.debug_loc      0x00000000      0x22a
 *(.debug_loc)
 .debug_loc     0x00000000      0x22a uartbootloader.o

.debug_macinfo
 *(.debug_macinfo)
OUTPUT(uartbootloader.elf elf32-avr)
LOAD linker stubs

.debug_ranges   0x00000000       0x90
 .debug_ranges  0x00000000       0x90 uartbootloader.o
